Point (-3.27663, -8.24885, 8.45382) -> Cluster 1
Point (3.31169, -7.12335, 2.97938) -> Cluster 0
Point (1.46721, -8.68058, 3.00286) -> Cluster 0
Point (-1.75910, -8.79445, 8.43678) -> Cluster 1
Point (-0.38627, -9.70570, 11.29163) -> Cluster 1
Point (-0.49683, -9.24490, 9.70464) -> Cluster 1
Point (2.88762, -7.23331, 3.15427) -> Cluster 0
Point (-2.26660, -9.62468, 8.07880) -> Cluster 1
Point (-0.48882, -8.69685, 7.98454) -> Cluster 1
Point (2.62071, -7.18352, 2.54002) -> Cluster 0
Point (-1.64787, -9.83667, 12.13798) -> Cluster 1
Point (2.65245, -8.60948, 2.51127) -> Cluster 0
Point (4.04705, -6.93411, 4.76062) -> Cluster 0
Point (-1.84895, -8.95937, 8.96660) -> Cluster 1
Point (-2.74620, -9.10681, 9.08945) -> Cluster 1
Point (-1.18760, -10.61989, 9.32150) -> Cluster 1
Point (0.42492, -9.87028, 11.04550) -> Cluster 1
Point (3.69913, -8.14575, 3.69347) -> Cluster 0
Point (-0.34026, -10.73523, 9.21154) -> Cluster 1
Point (4.92487, -8.84702, 2.75992) -> Cluster 0
Point (-1.85140, -8.39276, 10.92537) -> Cluster 1
Point (0.88441, -9.92879, 10.55143) -> Cluster 1
Point (4.04045, -8.68126, 3.53391) -> Cluster 0
Point (3.59952, -8.90987, 5.30791) -> Cluster 0
Point (-2.12865, -10.85497, 10.59541) -> Cluster 1
Point (4.36749, -7.54053, 4.55922) -> Cluster 0
Point (4.86944, -7.94910, 4.43860) -> Cluster 0
Point (3.55968, -8.45057, 3.97606) -> Cluster 0
Point (-1.18924, -10.61066, 8.85530) -> Cluster 1
Point (-1.46994, -10.33723, 9.05388) -> Cluster 1
Point (1.90651, -7.92094, 4.35977) -> Cluster 0
Point (3.52827, -8.13382, 3.52468) -> Cluster 0
Point (0.39181, -10.96923, 10.23773) -> Cluster 1
Point (2.67235, -8.95107, 5.23206) -> Cluster 0
Point (-0.66594, -9.66992, 9.96868) -> Cluster 1
Point (1.07536, -7.94198, 3.06996) -> Cluster 0
Point (-0.54926, -9.87107, 8.86261) -> Cluster 1
Point (-2.86704, -8.97837, 7.96115) -> Cluster 1
Point (-0.82830, -9.99601, 10.44326) -> Cluster 1
Point (2.86059, -7.81381, 4.50586) -> Cluster 0
Point (-0.71063, -11.40758, 10.29377) -> Cluster 1
Point (2.75098, -6.22301, 3.91082) -> Cluster 0
Point (3.29435, -6.82068, 3.53903) -> Cluster 0
Point (-1.10843, -9.13403, 8.95088) -> Cluster 1
Point (2.60608, -9.31794, 3.47162) -> Cluster 0
Point (-1.13337, -9.19849, 7.50247) -> Cluster 1
Point (1.59408, -8.54821, 4.20789) -> Cluster 0
Point (3.60667, -6.51287, 2.98099) -> Cluster 0
Point (-0.78747, -9.15409, 10.46280) -> Cluster 1
Point (2.50845, -8.71692, 1.98512) -> Cluster 0
Point (3.31658, -7.53712, 5.10477) -> Cluster 0
Point (-1.27015, -8.91472, 8.43493) -> Cluster 1
Point (0.12317, -11.04449, 7.70733) -> Cluster 1
Point (0.02870, -10.43746, 10.72750) -> Cluster 1
Point (3.43160, -7.15913, 4.48761) -> Cluster 0
Point (-1.26043, -9.54313, 8.05289) -> Cluster 1
Point (4.27332, -8.98382, 2.85747) -> Cluster 0
Point (1.75774, -6.74724, 4.50126) -> Cluster 0
Point (4.04395, -6.29425, 4.64885) -> Cluster 0
Point (-0.22230, -9.76915, 10.82230) -> Cluster 1
Point (2.59433, -7.87316, 4.87505) -> Cluster 0
Point (-0.66932, -9.02183, 9.38633) -> Cluster 1
Point (5.14083, -7.52637, 2.87066) -> Cluster 0
Point (-2.18840, -9.80975, 9.04115) -> Cluster 1
Point (3.57092, -8.34472, 2.96901) -> Cluster 0
Point (3.78346, -7.12114, 3.62897) -> Cluster 0
Point (-1.05234, -10.15663, 7.94386) -> Cluster 1
Point (3.56668, -7.64507, 3.26820) -> Cluster 0
Point (-0.92129, -8.24188, 8.42194) -> Cluster 1
Point (3.17786, -5.18712, 2.70277) -> Cluster 0
